<?xml version="1.0" encoding="utf-8"?><testsuites name="pytest tests"><testsuite name="pytest" errors="0" failures="0" skipped="3" tests="181" time="14.771" timestamp="2025-09-13T00:42:54.646828+02:00" hostname="DhinosPc"><testcase classname="tests.test_alerts" name="test_alert_cooldown" time="0.002" /><testcase classname="tests.test_alerts_eval_smoke" name="test_alerts_eval_importable" time="0.002" /><testcase classname="tests.test_alerts_eval_smoke" name="test_alerts_eval_exports_nontrivial_symbols" time="0.001" /><testcase classname="tests.test_alerts_stack" name="test_signal_router_and_alert_manager" time="0.001" /><testcase classname="tests.test_alerts_stack" name="test_telegram_utils_chunk_and_fallback" time="0.002" /><testcase classname="tests.test_alerts_stack" name="test_tg_dedupe_and_cooldown_and_lowprio_batch" time="0.003" /><testcase classname="tests.test_api_timeouts" name="test_api_timeout_in_context_enter" time="0.001" /><testcase classname="tests.test_api_timeouts" name="test_api_timeout_via_urlerror" time="0.001" /><testcase classname="tests.test_backtest" name="test_walk_forward_splits_basic" time="0.002" /><testcase classname="tests.test_backtest" name="test_compute_regime_and_filter" time="0.002" /><testcase classname="tests.test_backtest" name="test_regime_performance_ok_and_missing_col" time="0.002" /><testcase classname="tests.test_backtest" name="test_get_git_hash_unknown" time="0.001" /><testcase classname="tests.test_backtest" name="test_force_trade_signals_and_clean_signals" time="0.001" /><testcase classname="tests.test_backtest" name="test_run_backtest_raises_on_missing_columns" time="0.008" /><testcase classname="tests.test_backtest" name="test_run_backtest_happy_path_and_required_columns_present" time="0.012" /><testcase classname="tests.test_backtest" name="test_calc_backtest_metrics_maps_fields" time="0.001" /><testcase classname="tests.test_backtest" name="test_save_backtest_results_appends_without_header" time="0.008" /><testcase classname="tests.test_backtest" name="test_load_csv_auto_with_and_without_meta" time="0.004" /><testcase classname="tests.test_backtest_branches" name="test_long_tp_and_sl_and_close_on_last_bar" time="0.031" /><testcase classname="tests.test_backtest_branches" name="test_short_tp_and_sl_paths" time="0.020" /><testcase classname="tests.test_backtest_branches" name="test_force_dummy_trades_and_drawdown_interpolation" time="0.014" /><testcase classname="tests.test_backtest_extra_coverage" name="test_main_gridsearch_smoke_runs_and_calls_gridsearch" time="0.033" /><testcase classname="tests.test_backtest_extra_coverage" name="test_main_fullrun_force_debug_triggers_monitoring" time="0.046" /><testcase classname="tests.test_backtest_extra_coverage" name="test_compute_regime_fallback_without_ema200" time="0.002" /><testcase classname="tests.test_backtest_main_walkforward" name="test_main_walkforward_smoke" time="0.054" /><testcase classname="tests.test_backtest_main_walkforward" name="test_import_backtest_metrics_module" time="0.001" /><testcase classname="tests.test_backtest_metrics_module" name="test_calculate_sharpe_zero_variance_and_positive" time="0.001" /><testcase classname="tests.test_backtest_metrics_module" name="test_calculate_drawdown_basic_and_empty" time="0.000" /><testcase classname="tests.test_backtest_metrics_module" name="test_run_and_score_uses_backtest_and_counts_trades" time="0.002" /><testcase classname="tests.test_backtest_metrics_module" name="test_regime_performance_missing_and_empty" time="0.001" /><testcase classname="tests.test_backtest_metrics_module" name="test_regime_performance_numeric_mapping_and_values" time="0.002" /><testcase classname="tests.test_backtest_metrics_more" name="test_evaluate_strategies_uses_provided_trades_balance_and_merges_regime" time="0.023" /><testcase classname="tests.test_backtest_metrics_more" name="test_evaluate_strategies_skips_regime_when_missing_on_df" time="0.021" /><testcase classname="tests.test_backtest_metrics_more" name="test_evaluate_strategies_falls_back_to_run_and_score_when_no_trades_df" time="0.027" /><testcase classname="tests.test_backtest_metrics_more_exceptions" name="test_evaluate_strategies_handles_merge_exception" time="0.025" /><testcase classname="tests.test_backtest_metrics_more_prints" name="test_evaluate_strategies_exception_prints" time="0.023" /><testcase classname="tests.test_backtest_strategies_switch" name="test_main_strategy_voting" time="0.038" /><testcase classname="tests.test_backtest_strategies_switch" name="test_main_strategy_regime" time="0.035" /><testcase classname="tests.test_backtest_strategies_switch" name="test_main_strategy_ema_rsi" time="0.036" /><testcase classname="tests.test_backtest_strategies_switch" name="test_main_strategy_meanrev" time="0.037" /><testcase classname="tests.test_backtest_walkforward_plot_real" name="test_walkforward_real_plot" time="0.155" /><testcase classname="tests.test_backup" name="test_make_backup_creates_folder_and_dummy" time="0.003" /><testcase classname="tests.test_backup" name="test_make_backup_copies_real_file_and_directory" time="0.005" /><testcase classname="tests.test_backup" name="test_cleanup_old_backups_limits_per_day_and_days" time="0.006" /><testcase classname="tests.test_backup" name="test_cleanup_old_backups_handles_missing_root" time="0.001" /><testcase classname="tests.test_backup" name="test_make_backup_invalid_parameters" time="0.002" /><testcase classname="tests.test_backup_restore_corruption" name="test_corrupt_backup_detection_and_log" time="0.003" /><testcase classname="tests.test_backup_rotation" name="test_backup_create_rotate" time="3.354" /><testcase classname="tests.test_balance_target" name="test_balance_target_makes_classes_more_even" time="0.005" /><testcase classname="tests.test_balance_target_more" name="test_balance_target_accepts_X_and_target_keyword" time="0.002" /><testcase classname="tests.test_balance_target_more" name="test_balance_target_cli_smoke" time="0.007" /><testcase classname="tests.test_botstatus.TestBotStatus" name="test_update_bot_status_creates_file" time="0.001" /><testcase classname="tests.test_changelog.TestChangelog" name="test_append_to_changelog_adds_entry" time="0.002" /><testcase classname="tests.test_changelog.TestChangelog" name="test_append_to_changelog_multiple_entries" time="0.001" /><testcase classname="tests.test_claude_eval_smoke" name="test_prompt_p1_formats_without_keyerror" time="0.000" /><testcase classname="tests.test_claude_eval_smoke" name="test_extract_json_tolerates_wrapped_and_trailing_commas" time="0.001" /><testcase classname="tests.test_claude_eval_smoke" name="test_dry_run_returns_valid_json" time="0.001" /><testcase classname="tests.test_claude_eval_smoke" name="test_api_call_parse_ok" time="0.001" /><testcase classname="tests.test_claude_eval_smoke" name="test_api_exception_falls_back_to_mock" time="0.001" /><testcase classname="tests.test_claude_eval_smoke" name="test_validate_payload_rejects_invalid" time="0.000" /><testcase classname="tests.test_cleanup.TestCleanupBackups" name="test_cleanup_removes_old_days_and_limits_per_day" time="0.009" /><testcase classname="tests.test_commit_status.TestCommitBotStatus" name="test_commit_bot_status_runs_git_commands" time="0.001" /><testcase classname="tests.test_config" name="test_all_features_unique_and_not_empty" time="0.000" /><testcase classname="tests.test_config" name="test_coin_timeframe_defaults" time="0.001" /><testcase classname="tests.test_config" name="test_reload_module" time="0.001" /><testcase classname="tests.test_contract_pnl_reconciliation" name="test_pnl_attribution_sums_to_gross" time="0.000"><skipped type="pytest.skip" message="Skipping @contract tests (enable with --run-contract or RUN_CONTRACT=1).">c:\Users\reno_\Desktop\ai_trading_core\tests\test_contract_pnl_reconciliation.py:21: Skipping @contract tests (enable with --run-contract or RUN_CONTRACT=1).</skipped></testcase><testcase classname="tests.test_ensemble" name="test_ensemble_predict_majority_buy" time="0.001" /><testcase classname="tests.test_ensemble" name="test_ensemble_predict_majority_sell" time="0.000" /><testcase classname="tests.test_ensemble" name="test_ensemble_predict_majority_hold" time="0.000" /><testcase classname="tests.test_ensemble" name="test_ensemble_predict_tie_two_way" time="0.001" /><testcase classname="tests.test_ensemble" name="test_ensemble_predict_tie_three_way" time="0.000" /><testcase classname="tests.test_ensemble" name="test_ensemble_predict_empty" time="0.001" /><testcase classname="tests.test_ensemble" name="test_input_immutability" time="0.001" /><testcase classname="tests.test_ensemble" name="test_large_input_majority" time="0.001" /><testcase classname="tests.test_ensemble_predict" name="test_majority_voting_basic_no_ties" time="0.001" /><testcase classname="tests.test_ensemble_predict" name="test_weighted_voting_scale_invariance" time="0.001" /><testcase classname="tests.test_ensemble_predict" name="test_accepts_extra_preds_channel" time="0.001" /><testcase classname="tests.test_ensemble_predict" name="test_handles_minus1_plus1_inputs" time="0.001" /><testcase classname="tests.test_ensemble_predict" name="test_debug_mode_prints" time="0.001" /><testcase classname="tests.test_ensemble_predict" name="test_empty_predictions_returns_empty_or_raises" time="0.001" /><testcase classname="tests.test_ensemble_predict" name="test_invalid_voting_mode_raises" time="0.000" /><testcase classname="tests.test_ensemble_predict" name="test_weights_length_mismatch_raises" time="0.000" /><testcase classname="tests.test_env_loader" name="test_load_config_defaults" time="0.008" /><testcase classname="tests.test_features_pipeline" name="test_generate_features_pipeline_and_save_load" time="0.036" /><testcase classname="tests.test_features_pipeline" name="test_generate_features_with_missing_columns_raises" time="0.001" /><testcase classname="tests.test_features_pipeline" name="test_generate_features_empty_df_raises" time="0.001" /><testcase classname="tests.test_features_pipeline" name="test_timestamp_mapping_accepts_datetime_aliases" time="0.010" /><testcase classname="tests.test_features_pipeline" name="test_timestamp_invalid_values_raise_even_with_coerce" time="0.002" /><testcase classname="tests.test_features_pipeline" name="test_include_exclude_and_keep_labels" time="0.010" /><testcase classname="tests.test_features_pipeline" name="test_dropna_removes_rows_when_nan_present" time="0.010" /><testcase classname="tests.test_features_pipeline" name="test_normalize_scales_numeric_0_1_and_skips_labels" time="0.016" /><testcase classname="tests.test_features_pipeline" name="test_target_modes[direction]" time="0.009" /><testcase classname="tests.test_features_pipeline" name="test_target_modes[regression]" time="0.009" /><testcase classname="tests.test_features_pipeline" name="test_target_modes[none]" time="0.009" /><testcase classname="tests.test_features_pipeline" name="test_invalid_target_mode_raises" time="0.007" /><testcase classname="tests.test_features_pipeline" name="test_expected_features_ok_and_fail" time="0.027" /><testcase classname="tests.test_features_pipeline" name="test_vol_spike_is_renamed_to_volume_spike_when_present" time="0.011" /><testcase classname="tests.test_features_pipeline" name="test_pipeline_with_patterns_enabled_does_not_crash" time="0.014" /><testcase classname="tests.test_features_pipeline" name="test_generate_features_from_csv_like_flow" time="0.013" /><testcase classname="tests.test_features_pipeline" name="test_load_features_with_non_existing_version_prefix_raises" time="0.006" /><testcase classname="tests.test_features_pipeline" name="test_load_features_latest_when_multiple_versions_exist" time="0.033" /><testcase classname="tests.test_features_pipeline" name="test_save_features_returns_path_and_creates_file" time="0.013" /><testcase classname="tests.test_fetch_data.TestFetchData" name="test_hent_binance_data_creates_csv" time="0.005" /><testcase classname="tests.test_file_utils" name="test_file_utils_resolve_and_mkdir_and_write" time="0.002" /><testcase classname="tests.test_file_utils" name="test_file_utils_permission_error_is_surface" time="0.002"><skipped type="pytest.skip" message="Ingen write-funktion eksponeret i utils.file_utils – springer edge-case over.">c:\Users\reno_\Desktop\ai_trading_core\tests\test_file_utils.py:65: Ingen write-funktion eksponeret i utils.file_utils – springer edge-case over.</skipped></testcase><testcase classname="tests.test_full_pipeline" name="test_full_pipeline_genererer_outputs" time="0.248" /><testcase classname="tests.test_full_pipeline" name="test_full_pipeline_konsekvent_metrics_schema_ved_gentagelse" time="0.050" /><testcase classname="tests.test_gap_repair" name="test_rest_catchup_signature_only" time="0.000" /><testcase classname="tests.test_gridsearch_sanity" name="test_gridsearch_pipeline" time="2.783" /><testcase classname="tests.test_indicators_pipeline" name="test_ema_matches_reference[14]" time="0.003" /><testcase classname="tests.test_indicators_pipeline" name="test_ema_matches_reference[50]" time="0.003" /><testcase classname="tests.test_indicators_pipeline" name="test_rsi_and_atr_match_reference" time="0.003" /><testcase classname="tests.test_integration" name="test_status_file_exists" time="0.001" /><testcase classname="tests.test_integration" name="test_performance_history_grows" time="0.002" /><testcase classname="tests.test_live_connector" name="test_streaming_pipeline_incremental" time="0.005" /><testcase classname="tests.test_live_connector_integration" name="test_end_to_end_parquet" time="0.577" /><testcase classname="tests.test_log_utils" name="test_logging" time="0.201" /><testcase classname="tests.test_metrics" name="test_calculate_sharpe_positive" time="0.001" /><testcase classname="tests.test_metrics" name="test_calculate_sharpe_negative" time="0.001" /><testcase classname="tests.test_metrics" name="test_calculate_sharpe_zero" time="0.001" /><testcase classname="tests.test_metrics" name="test_calculate_drawdown_simple" time="0.001" /><testcase classname="tests.test_metrics" name="test_calculate_drawdown_none" time="0.000" /><testcase classname="tests.test_multi_live_sim" name="test_live_simulator_dummy" time="0.001" /><testcase classname="tests.test_multi_live_sim" name="test_multi_live_simulator_dummy" time="0.001" /><testcase classname="tests.test_paper_broker_full" name="test_market_buy_sell_roundtrip" time="0.093" /><testcase classname="tests.test_paper_broker_full" name="test_no_shorting_rejected" time="0.002" /><testcase classname="tests.test_paper_broker_full" name="test_min_filters_submit_and_limit_fill" time="0.002" /><testcase classname="tests.test_paper_broker_full" name="test_slippage_and_commission_accounting" time="0.003" /><testcase classname="tests.test_paper_broker_full" name="test_daily_loss_limit_and_reset" time="0.003" /><testcase classname="tests.test_paper_broker_full" name="test_fill_timestamp_is_bar_ts_in_csv" time="0.002" /><testcase classname="tests.test_paper_broker_full" name="test_limit_sell_cannot_oversell_no_short" time="0.003" /><testcase classname="tests.test_plot_comparison" name="test_plot_comparison_creates_image" time="0.115" /><testcase classname="tests.test_plot_comparison" name="test_plot_comparison_runs_without_errors" time="0.113" /><testcase classname="tests.test_preprocessing" name="test_clean_and_normalize" time="0.011" /><testcase classname="tests.test_preprocessing_edge" name="test_clean_and_normalize_handles_nan_and_bounds" time="0.003" /><testcase classname="tests.test_preprocessing_edge" name="test_clean_and_normalize_empty_df_returns_empty" time="0.001" /><testcase classname="tests.test_preprocessing_edge" name="test_clean_and_normalize_unknown_scaler_raises" time="0.002" /><testcase classname="tests.test_preprocessing_more" name="test_normalize_zscore_std_zero_and_missing_col" time="0.002" /><testcase classname="tests.test_preprocessing_more" name="test_clean_dataframe_outlier_clip_and_normalize_true" time="0.004" /><testcase classname="tests.test_preprocessing_more" name="test_clean_dataframe_dropna_false_and_no_numeric_features" time="0.003" /><testcase classname="tests.test_preprocessing_more" name="test_create_lstm_sequences_shapes_and_prepare_ml_data" time="0.002" /><testcase classname="tests.test_report_utils" name="test_print_status_and_update_bot_status" time="0.019" /><testcase classname="tests.test_report_utils" name="test_print_status_handles_missing_file_gracefully" time="0.002" /><testcase classname="tests.test_report_utils" name="test_log_to_changelog_create_and_append" time="0.002" /><testcase classname="tests.test_report_utils" name="test_build_telegram_summary" time="0.003" /><testcase classname="tests.test_report_utils" name="test_build_telegram_summary_when_missing_file" time="0.002" /><testcase classname="tests.test_report_utils" name="test_backup_file_and_export_trade_journal" time="0.005" /><testcase classname="tests.test_report_utils" name="test_backup_file_nonexistent_source_warns_instead_of_raises" time="0.002" /><testcase classname="tests.test_report_utils" name="test_export_trade_journal_empty_dataframe" time="0.003" /><testcase classname="tests.test_report_utils" name="test_update_bot_status_includes_optional_artifacts" time="0.003" /><testcase classname="tests.test_report_utils" name="test_update_bot_status_with_missing_metrics" time="0.001" /><testcase classname="tests.test_robustness_config" name="test_valid_config" time="0.001" /><testcase classname="tests.test_robustness_config" name="test_invalid_top_level_type" time="0.001" /><testcase classname="tests.test_robustness_config" name="test_missing_strategy" time="0.001" /><testcase classname="tests.test_robustness_config" name="test_bad_paths" time="0.000" /><testcase classname="tests.test_robustness_config" name="test_bad_risk" time="0.001" /><testcase classname="tests.test_robustness_csv" name="test_empty_csv_raises" time="0.002" /><testcase classname="tests.test_robustness_csv" name="test_missing_columns_raises" time="0.003" /><testcase classname="tests.test_robustness_csv" name="test_ok_csv_returns_rows" time="0.002" /><testcase classname="tests.test_ta_indicators" name="test_add_ta_indicators_generates_expected_columns" time="0.036" /><testcase classname="tests.test_ta_indicators" name="test_add_ta_indicators_handles_force_no_supertrend" time="0.016" /><testcase classname="tests.test_ta_indicators" name="test_add_ta_indicators_handles_zero_volume_and_no_div_by_zero" time="0.017" /><testcase classname="tests.test_ta_indicators" name="test_add_ta_indicators_small_window_edges_dropna_effect" time="0.017" /><testcase classname="tests.test_ta_indicators" name="test_add_ta_indicators_accepts_non_datetime_index_but_returns_ok" time="0.018" /><testcase classname="tests.test_ta_indicators" name="test_add_ta_indicators_robust_against_input_nans" time="0.017" /><testcase classname="tests.test_ta_indicators" name="test_add_ta_indicators_does_not_crash_with_constant_prices" time="0.018" /><testcase classname="tests.test_ta_indicators" name="test_add_ta_indicators_raises_on_missing_required_columns" time="0.001" /><testcase classname="tests.test_ta_indicators" name="test_add_ta_indicators_tiny_input_returns_empty_but_no_crash" time="0.017" /><testcase classname="tests.test_telegram_chunking_contract" name="test_telegram_chunking_contract" time="0.000"><skipped type="pytest.skip" message="Skipping @contract tests (enable with --run-contract or RUN_CONTRACT=1).">c:\Users\reno_\Desktop\ai_trading_core\tests\test_telegram_chunking_contract.py:19: Skipping @contract tests (enable with --run-contract or RUN_CONTRACT=1).</skipped></testcase><testcase classname="tests.test_telegram_utils" name="test_telegram_enabled_false" time="0.001" /><testcase classname="tests.test_telegram_utils" name="test_telegram_enabled_true" time="0.001" /><testcase classname="tests.test_telegram_utils" name="test_send_message_noop_when_disabled" time="0.001" /><testcase classname="tests.test_telegram_utils" name="test_send_message_success_and_api_error" time="0.002" /><testcase classname="tests.test_telegram_utils" name="test_log_telegram_creates_log" time="0.002" /><testcase classname="tests.test_telegram_utils" name="test_send_telegram_heartbeat" time="0.001" /><testcase classname="tests.test_telegram_utils_branches" name="test_telegram_utils_importable" time="0.001" /><testcase classname="tests.test_telegram_utils_branches" name="test_chunking_function_if_present" time="0.001" /><testcase classname="tests.test_telegram_utils_branches" name="test_send_text_path_with_dummy_bot" time="0.002" /><testcase classname="tests.test_telegram_utils_extra" name="test_send_image_and_document_success_and_error" time="0.005" /><testcase classname="tests.test_telegram_utils_extra" name="test_send_trend_graph_branches" time="0.002" /><testcase classname="tests.test_telegram_utils_extra" name="test_send_live_metrics_with_alarms" time="0.002" /></testsuite></testsuites>